// Jest Snapshot v1, https://goo.gl/fbAQLP

exports[`Snapshot 1`] = `
{
  "Outputs": {
    "ApiGatewayEndpoint5AA8EC3A": {
      "Value": {
        "Fn::Join": [
          "",
          [
            "https://",
            {
              "Ref": "ApiGateway11E7F47B",
            },
            ".execute-api.",
            {
              "Ref": "AWS::Region",
            },
            ".",
            {
              "Ref": "AWS::URLSuffix",
            },
            "/",
            {
              "Ref": "ApiGatewayDeploymentStageprod1C6D5CD6",
            },
            "/",
          ],
        ],
      },
    },
  },
  "Parameters": {
    "BootstrapVersion": {
      "Default": "/cdk-bootstrap/hnb659fds/version",
      "Description": "Version of the CDK Bootstrap resources in this environment, automatically retrieved from SSM Parameter Store. [cdk:skip]",
      "Type": "AWS::SSM::Parameter::Value<String>",
    },
  },
  "Resources": {
    "ApiGateway11E7F47B": {
      "Properties": {
        "Name": "ApiGateway",
      },
      "Type": "AWS::ApiGateway::RestApi",
    },
    "ApiGatewayAccountBC7F34C1": {
      "DeletionPolicy": "Retain",
      "DependsOn": [
        "ApiGateway11E7F47B",
      ],
      "Properties": {
        "CloudWatchRoleArn": {
          "Fn::GetAtt": [
            "ApiGatewayCloudWatchRoleA41EF9FE",
            "Arn",
          ],
        },
      },
      "Type": "AWS::ApiGateway::Account",
      "UpdateReplacePolicy": "Retain",
    },
    "ApiGatewayCloudWatchRoleA41EF9FE": {
      "DeletionPolicy": "Retain",
      "Properties": {
        "AssumeRolePolicyDocument": {
          "Statement": [
            {
              "Action": "sts:AssumeRole",
              "Effect": "Allow",
              "Principal": {
                "Service": "apigateway.amazonaws.com",
              },
            },
          ],
          "Version": "2012-10-17",
        },
        "ManagedPolicyArns": [
          {
            "Fn::Join": [
              "",
              [
                "arn:",
                {
                  "Ref": "AWS::Partition",
                },
                ":iam::aws:policy/service-role/AmazonAPIGatewayPushToCloudWatchLogs",
              ],
            ],
          },
        ],
      },
      "Type": "AWS::IAM::Role",
      "UpdateReplacePolicy": "Retain",
    },
    "ApiGatewayDeploymentA26796E89c4c788a41c12a1953e297aa0eed31d2": {
      "DependsOn": [
        "ApiGatewaycreateProductPOST1A1C3419",
        "ApiGatewaycreateProduct4D37D2F8",
        "ApiGatewaygetProductidGET40C8A740",
        "ApiGatewaygetProductid0D6ECE12",
        "ApiGatewaygetProduct86CE857B",
        "ApiGatewaygetProductsGET19E1BF0C",
        "ApiGatewaygetProducts03F0A37C",
      ],
      "Properties": {
        "Description": "Automatically created by the RestApi construct",
        "RestApiId": {
          "Ref": "ApiGateway11E7F47B",
        },
      },
      "Type": "AWS::ApiGateway::Deployment",
    },
    "ApiGatewayDeploymentStageprod1C6D5CD6": {
      "DependsOn": [
        "ApiGatewayAccountBC7F34C1",
      ],
      "Properties": {
        "DeploymentId": {
          "Ref": "ApiGatewayDeploymentA26796E89c4c788a41c12a1953e297aa0eed31d2",
        },
        "RestApiId": {
          "Ref": "ApiGateway11E7F47B",
        },
        "StageName": "prod",
      },
      "Type": "AWS::ApiGateway::Stage",
    },
    "ApiGatewaycreateProduct4D37D2F8": {
      "Properties": {
        "ParentId": {
          "Fn::GetAtt": [
            "ApiGateway11E7F47B",
            "RootResourceId",
          ],
        },
        "PathPart": "createProduct",
        "RestApiId": {
          "Ref": "ApiGateway11E7F47B",
        },
      },
      "Type": "AWS::ApiGateway::Resource",
    },
    "ApiGatewaycreateProductPOST1A1C3419": {
      "Properties": {
        "AuthorizationType": "NONE",
        "HttpMethod": "POST",
        "Integration": {
          "IntegrationHttpMethod": "POST",
          "Type": "AWS_PROXY",
          "Uri": {
            "Fn::Join": [
              "",
              [
                "arn:",
                {
                  "Ref": "AWS::Partition",
                },
                ":apigateway:",
                {
                  "Ref": "AWS::Region",
                },
                ":lambda:path/2015-03-31/functions/",
                {
                  "Fn::GetAtt": [
                    "createProduct6AB81851",
                    "Arn",
                  ],
                },
                "/invocations",
              ],
            ],
          },
        },
        "ResourceId": {
          "Ref": "ApiGatewaycreateProduct4D37D2F8",
        },
        "RestApiId": {
          "Ref": "ApiGateway11E7F47B",
        },
      },
      "Type": "AWS::ApiGateway::Method",
    },
    "ApiGatewaycreateProductPOSTApiPermissionTesttestApiGateway2C23B21DPOSTcreateProduct55B34641": {
      "Properties": {
        "Action": "lambda:InvokeFunction",
        "FunctionName": {
          "Fn::GetAtt": [
            "createProduct6AB81851",
            "Arn",
          ],
        },
        "Principal": "apigateway.amazonaws.com",
        "SourceArn": {
          "Fn::Join": [
            "",
            [
              "arn:",
              {
                "Ref": "AWS::Partition",
              },
              ":execute-api:",
              {
                "Ref": "AWS::Region",
              },
              ":",
              {
                "Ref": "AWS::AccountId",
              },
              ":",
              {
                "Ref": "ApiGateway11E7F47B",
              },
              "/test-invoke-stage/POST/createProduct",
            ],
          ],
        },
      },
      "Type": "AWS::Lambda::Permission",
    },
    "ApiGatewaycreateProductPOSTApiPermissiontestApiGateway2C23B21DPOSTcreateProduct6E18464B": {
      "Properties": {
        "Action": "lambda:InvokeFunction",
        "FunctionName": {
          "Fn::GetAtt": [
            "createProduct6AB81851",
            "Arn",
          ],
        },
        "Principal": "apigateway.amazonaws.com",
        "SourceArn": {
          "Fn::Join": [
            "",
            [
              "arn:",
              {
                "Ref": "AWS::Partition",
              },
              ":execute-api:",
              {
                "Ref": "AWS::Region",
              },
              ":",
              {
                "Ref": "AWS::AccountId",
              },
              ":",
              {
                "Ref": "ApiGateway11E7F47B",
              },
              "/",
              {
                "Ref": "ApiGatewayDeploymentStageprod1C6D5CD6",
              },
              "/POST/createProduct",
            ],
          ],
        },
      },
      "Type": "AWS::Lambda::Permission",
    },
    "ApiGatewaygetProduct86CE857B": {
      "Properties": {
        "ParentId": {
          "Fn::GetAtt": [
            "ApiGateway11E7F47B",
            "RootResourceId",
          ],
        },
        "PathPart": "getProduct",
        "RestApiId": {
          "Ref": "ApiGateway11E7F47B",
        },
      },
      "Type": "AWS::ApiGateway::Resource",
    },
    "ApiGatewaygetProductid0D6ECE12": {
      "Properties": {
        "ParentId": {
          "Ref": "ApiGatewaygetProduct86CE857B",
        },
        "PathPart": "{id}",
        "RestApiId": {
          "Ref": "ApiGateway11E7F47B",
        },
      },
      "Type": "AWS::ApiGateway::Resource",
    },
    "ApiGatewaygetProductidGET40C8A740": {
      "Properties": {
        "AuthorizationType": "NONE",
        "HttpMethod": "GET",
        "Integration": {
          "IntegrationHttpMethod": "POST",
          "Type": "AWS_PROXY",
          "Uri": {
            "Fn::Join": [
              "",
              [
                "arn:",
                {
                  "Ref": "AWS::Partition",
                },
                ":apigateway:",
                {
                  "Ref": "AWS::Region",
                },
                ":lambda:path/2015-03-31/functions/",
                {
                  "Fn::GetAtt": [
                    "getProduct73ED23D5",
                    "Arn",
                  ],
                },
                "/invocations",
              ],
            ],
          },
        },
        "ResourceId": {
          "Ref": "ApiGatewaygetProductid0D6ECE12",
        },
        "RestApiId": {
          "Ref": "ApiGateway11E7F47B",
        },
      },
      "Type": "AWS::ApiGateway::Method",
    },
    "ApiGatewaygetProductidGETApiPermissionTesttestApiGateway2C23B21DGETgetProductidC1ECC5AB": {
      "Properties": {
        "Action": "lambda:InvokeFunction",
        "FunctionName": {
          "Fn::GetAtt": [
            "getProduct73ED23D5",
            "Arn",
          ],
        },
        "Principal": "apigateway.amazonaws.com",
        "SourceArn": {
          "Fn::Join": [
            "",
            [
              "arn:",
              {
                "Ref": "AWS::Partition",
              },
              ":execute-api:",
              {
                "Ref": "AWS::Region",
              },
              ":",
              {
                "Ref": "AWS::AccountId",
              },
              ":",
              {
                "Ref": "ApiGateway11E7F47B",
              },
              "/test-invoke-stage/GET/getProduct/*",
            ],
          ],
        },
      },
      "Type": "AWS::Lambda::Permission",
    },
    "ApiGatewaygetProductidGETApiPermissiontestApiGateway2C23B21DGETgetProductidD0EFBA8D": {
      "Properties": {
        "Action": "lambda:InvokeFunction",
        "FunctionName": {
          "Fn::GetAtt": [
            "getProduct73ED23D5",
            "Arn",
          ],
        },
        "Principal": "apigateway.amazonaws.com",
        "SourceArn": {
          "Fn::Join": [
            "",
            [
              "arn:",
              {
                "Ref": "AWS::Partition",
              },
              ":execute-api:",
              {
                "Ref": "AWS::Region",
              },
              ":",
              {
                "Ref": "AWS::AccountId",
              },
              ":",
              {
                "Ref": "ApiGateway11E7F47B",
              },
              "/",
              {
                "Ref": "ApiGatewayDeploymentStageprod1C6D5CD6",
              },
              "/GET/getProduct/*",
            ],
          ],
        },
      },
      "Type": "AWS::Lambda::Permission",
    },
    "ApiGatewaygetProducts03F0A37C": {
      "Properties": {
        "ParentId": {
          "Fn::GetAtt": [
            "ApiGateway11E7F47B",
            "RootResourceId",
          ],
        },
        "PathPart": "getProducts",
        "RestApiId": {
          "Ref": "ApiGateway11E7F47B",
        },
      },
      "Type": "AWS::ApiGateway::Resource",
    },
    "ApiGatewaygetProductsGET19E1BF0C": {
      "Properties": {
        "AuthorizationType": "NONE",
        "HttpMethod": "GET",
        "Integration": {
          "IntegrationHttpMethod": "POST",
          "Type": "AWS_PROXY",
          "Uri": {
            "Fn::Join": [
              "",
              [
                "arn:",
                {
                  "Ref": "AWS::Partition",
                },
                ":apigateway:",
                {
                  "Ref": "AWS::Region",
                },
                ":lambda:path/2015-03-31/functions/",
                {
                  "Fn::GetAtt": [
                    "getProductsE5E1F90B",
                    "Arn",
                  ],
                },
                "/invocations",
              ],
            ],
          },
        },
        "ResourceId": {
          "Ref": "ApiGatewaygetProducts03F0A37C",
        },
        "RestApiId": {
          "Ref": "ApiGateway11E7F47B",
        },
      },
      "Type": "AWS::ApiGateway::Method",
    },
    "ApiGatewaygetProductsGETApiPermissionTesttestApiGateway2C23B21DGETgetProducts31052C31": {
      "Properties": {
        "Action": "lambda:InvokeFunction",
        "FunctionName": {
          "Fn::GetAtt": [
            "getProductsE5E1F90B",
            "Arn",
          ],
        },
        "Principal": "apigateway.amazonaws.com",
        "SourceArn": {
          "Fn::Join": [
            "",
            [
              "arn:",
              {
                "Ref": "AWS::Partition",
              },
              ":execute-api:",
              {
                "Ref": "AWS::Region",
              },
              ":",
              {
                "Ref": "AWS::AccountId",
              },
              ":",
              {
                "Ref": "ApiGateway11E7F47B",
              },
              "/test-invoke-stage/GET/getProducts",
            ],
          ],
        },
      },
      "Type": "AWS::Lambda::Permission",
    },
    "ApiGatewaygetProductsGETApiPermissiontestApiGateway2C23B21DGETgetProducts77BAFC49": {
      "Properties": {
        "Action": "lambda:InvokeFunction",
        "FunctionName": {
          "Fn::GetAtt": [
            "getProductsE5E1F90B",
            "Arn",
          ],
        },
        "Principal": "apigateway.amazonaws.com",
        "SourceArn": {
          "Fn::Join": [
            "",
            [
              "arn:",
              {
                "Ref": "AWS::Partition",
              },
              ":execute-api:",
              {
                "Ref": "AWS::Region",
              },
              ":",
              {
                "Ref": "AWS::AccountId",
              },
              ":",
              {
                "Ref": "ApiGateway11E7F47B",
              },
              "/",
              {
                "Ref": "ApiGatewayDeploymentStageprod1C6D5CD6",
              },
              "/GET/getProducts",
            ],
          ],
        },
      },
      "Type": "AWS::Lambda::Permission",
    },
    "LambdaRole3A44B857": {
      "Properties": {
        "AssumeRolePolicyDocument": {
          "Statement": [
            {
              "Action": "sts:AssumeRole",
              "Effect": "Allow",
              "Principal": {
                "Service": "lambda.amazonaws.com",
              },
            },
          ],
          "Version": "2012-10-17",
        },
        "ManagedPolicyArns": [
          {
            "Fn::Join": [
              "",
              [
                "arn:",
                {
                  "Ref": "AWS::Partition",
                },
                ":iam::aws:policy/service-role/AWSLambdaBasicExecutionRole",
              ],
            ],
          },
          {
            "Fn::Join": [
              "",
              [
                "arn:",
                {
                  "Ref": "AWS::Partition",
                },
                ":iam::aws:policy/AmazonDynamoDBFullAccess",
              ],
            ],
          },
          {
            "Fn::Join": [
              "",
              [
                "arn:",
                {
                  "Ref": "AWS::Partition",
                },
                ":iam::aws:policy/CloudWatchFullAccess",
              ],
            ],
          },
        ],
      },
      "Type": "AWS::IAM::Role",
    },
    "LambdaRoleDefaultPolicy75625A82": {
      "Properties": {
        "PolicyDocument": {
          "Statement": [
            {
              "Action": [
                "dynamodb:BatchGetItem",
                "dynamodb:GetRecords",
                "dynamodb:GetShardIterator",
                "dynamodb:Query",
                "dynamodb:GetItem",
                "dynamodb:Scan",
                "dynamodb:ConditionCheckItem",
                "dynamodb:DescribeTable",
              ],
              "Effect": "Allow",
              "Resource": [
                {
                  "Fn::GetAtt": [
                    "ProductsTable241ADBFF",
                    "Arn",
                  ],
                },
                {
                  "Ref": "AWS::NoValue",
                },
              ],
            },
            {
              "Action": [
                "dynamodb:BatchWriteItem",
                "dynamodb:PutItem",
                "dynamodb:UpdateItem",
                "dynamodb:DeleteItem",
                "dynamodb:DescribeTable",
              ],
              "Effect": "Allow",
              "Resource": [
                {
                  "Fn::GetAtt": [
                    "ProductsTable241ADBFF",
                    "Arn",
                  ],
                },
                {
                  "Ref": "AWS::NoValue",
                },
              ],
            },
          ],
          "Version": "2012-10-17",
        },
        "PolicyName": "LambdaRoleDefaultPolicy75625A82",
        "Roles": [
          {
            "Ref": "LambdaRole3A44B857",
          },
        ],
      },
      "Type": "AWS::IAM::Policy",
    },
    "ProductsTable241ADBFF": {
      "DeletionPolicy": "Delete",
      "Properties": {
        "AttributeDefinitions": [
          {
            "AttributeName": "id",
            "AttributeType": "S",
          },
        ],
        "KeySchema": [
          {
            "AttributeName": "id",
            "KeyType": "HASH",
          },
        ],
        "PointInTimeRecoverySpecification": {
          "PointInTimeRecoveryEnabled": true,
        },
        "ProvisionedThroughput": {
          "ReadCapacityUnits": 5,
          "WriteCapacityUnits": 5,
        },
        "TableClass": "STANDARD_INFREQUENT_ACCESS",
        "TableName": "ProductsTable",
      },
      "Type": "AWS::DynamoDB::Table",
      "UpdateReplacePolicy": "Delete",
    },
    "createProduct6AB81851": {
      "DependsOn": [
        "LambdaRoleDefaultPolicy75625A82",
        "LambdaRole3A44B857",
      ],
      "Properties": {
        "Code": {
          "S3Bucket": {
            "Fn::Sub": "cdk-hnb659fds-assets-\${AWS::AccountId}-\${AWS::Region}",
          },
          "S3Key": "b37ac6c5c7766dc0868333e0d681dc66c898194290cdc3281155e63ff4cc5d2f.zip",
        },
        "Environment": {
          "Variables": {
            "AWS_NODEJS_CONNECTION_REUSE_ENABLED": "1",
            "TODO_TABLE_NAME": "ProductsTable",
          },
        },
        "Handler": "index.handler",
        "Role": {
          "Fn::GetAtt": [
            "LambdaRole3A44B857",
            "Arn",
          ],
        },
        "Runtime": "nodejs18.x",
      },
      "Type": "AWS::Lambda::Function",
    },
    "getProduct73ED23D5": {
      "DependsOn": [
        "LambdaRoleDefaultPolicy75625A82",
        "LambdaRole3A44B857",
      ],
      "Properties": {
        "Code": {
          "S3Bucket": {
            "Fn::Sub": "cdk-hnb659fds-assets-\${AWS::AccountId}-\${AWS::Region}",
          },
          "S3Key": "b37ac6c5c7766dc0868333e0d681dc66c898194290cdc3281155e63ff4cc5d2f.zip",
        },
        "Environment": {
          "Variables": {
            "AWS_NODEJS_CONNECTION_REUSE_ENABLED": "1",
            "TODO_TABLE_NAME": "ProductsTable",
          },
        },
        "Handler": "index.handler",
        "Role": {
          "Fn::GetAtt": [
            "LambdaRole3A44B857",
            "Arn",
          ],
        },
        "Runtime": "nodejs18.x",
      },
      "Type": "AWS::Lambda::Function",
    },
    "getProductsE5E1F90B": {
      "DependsOn": [
        "LambdaRoleDefaultPolicy75625A82",
        "LambdaRole3A44B857",
      ],
      "Properties": {
        "Code": {
          "S3Bucket": {
            "Fn::Sub": "cdk-hnb659fds-assets-\${AWS::AccountId}-\${AWS::Region}",
          },
          "S3Key": "b37ac6c5c7766dc0868333e0d681dc66c898194290cdc3281155e63ff4cc5d2f.zip",
        },
        "Environment": {
          "Variables": {
            "AWS_NODEJS_CONNECTION_REUSE_ENABLED": "1",
            "TODO_TABLE_NAME": "ProductsTable",
          },
        },
        "Handler": "index.handler",
        "Role": {
          "Fn::GetAtt": [
            "LambdaRole3A44B857",
            "Arn",
          ],
        },
        "Runtime": "nodejs18.x",
      },
      "Type": "AWS::Lambda::Function",
    },
  },
  "Rules": {
    "CheckBootstrapVersion": {
      "Assertions": [
        {
          "Assert": {
            "Fn::Not": [
              {
                "Fn::Contains": [
                  [
                    "1",
                    "2",
                    "3",
                    "4",
                    "5",
                  ],
                  {
                    "Ref": "BootstrapVersion",
                  },
                ],
              },
            ],
          },
          "AssertDescription": "CDK bootstrap stack version 6 required. Please run 'cdk bootstrap' with a recent version of the CDK CLI.",
        },
      ],
    },
  },
}
`;
